▿ Optional<Dictionary<AnyHashable, Any>>
  ▿ some: 11 key/value pairs
    ▿ (2 elements)
      - key: "connections"
      - value: <null>
    ▿ (2 elements)
      - key: "interactions"
      - value: <null>
    ▿ (2 elements)
      - key: "isTopLevel"
      - value: 0
    ▿ (2 elements)
      - key: "link"
      - value: https://vimeo.com/categories/animation
    ▿ (2 elements)
      - key: "metadata"
      ▿ value: 2 key/value pairs
        ▿ (2 elements)
          - key: connections
          ▿ value: 4 key/value pairs
            ▿ (2 elements)
              - key: channels
              ▿ value: 3 key/value pairs
                ▿ (2 elements)
                  - key: options
                  ▿ value: 1 element
                    - GET
                ▿ (2 elements)
                  - key: total
                  - value: 35393
                ▿ (2 elements)
                  - key: uri
                  - value: /categories/animation/channels
            ▿ (2 elements)
              - key: groups
              ▿ value: 3 key/value pairs
                ▿ (2 elements)
                  - key: options
                  ▿ value: 1 element
                    - GET
                ▿ (2 elements)
                  - key: total
                  - value: 8772
                ▿ (2 elements)
                  - key: uri
                  - value: /categories/animation/groups
            ▿ (2 elements)
              - key: users
              ▿ value: 3 key/value pairs
                ▿ (2 elements)
                  - key: options
                  ▿ value: 1 element
                    - GET
                ▿ (2 elements)
                  - key: total
                  - value: 1676838
                ▿ (2 elements)
                  - key: uri
                  - value: /categories/animation/users
            ▿ (2 elements)
              - key: videos
              ▿ value: 3 key/value pairs
                ▿ (2 elements)
                  - key: options
                  ▿ value: 1 element
                    - GET
                ▿ (2 elements)
                  - key: total
                  - value: 686728
                ▿ (2 elements)
                  - key: uri
                  - value: /categories/animation/videos
        ▿ (2 elements)
          - key: interactions
          ▿ value: 1 key/value pair
            ▿ (2 elements)
              - key: follow
              ▿ value: 3 key/value pairs
                ▿ (2 elements)
                  - key: added
                  - value: 1
                ▿ (2 elements)
                  - key: added_time
                  - value: 2018-01-29T21:03:13+00:00
                ▿ (2 elements)
                  - key: uri
                  - value: /users/79937352/categories/animation
    ▿ (2 elements)
      - key: "modifiedTime"
      - value: <null>
    ▿ (2 elements)
      - key: "name"
      - value: Animation
    ▿ (2 elements)
      - key: "pictureCollection"
      - value: <null>
    ▿ (2 elements)
      - key: "subcategories"
      ▿ value: 6 elements
        ▿ 3 key/value pairs
          ▿ (2 elements)
            - key: link
            - value: https://vimeo.com/categories/animation/2d/videos
          ▿ (2 elements)
            - key: name
            - value: 2D
          ▿ (2 elements)
            - key: uri
            - value: /categories/animation/subcategories/2d
        ▿ 3 key/value pairs
          ▿ (2 elements)
            - key: link
            - value: https://vimeo.com/categories/animation/3d/videos
          ▿ (2 elements)
            - key: name
            - value: 3D/CG
          ▿ (2 elements)
            - key: uri
            - value: /categories/animation/subcategories/3d
        ▿ 3 key/value pairs
          ▿ (2 elements)
            - key: link
            - value: https://vimeo.com/categories/animation/mograph/videos
          ▿ (2 elements)
            - key: name
            - value: Mograph
          ▿ (2 elements)
            - key: uri
            - value: /categories/animation/subcategories/mograph
        ▿ 3 key/value pairs
          ▿ (2 elements)
            - key: link
            - value: https://vimeo.com/categories/animation/projectionmapping/videos
          ▿ (2 elements)
            - key: name
            - value: Projection Mapping
          ▿ (2 elements)
            - key: uri
            - value: /categories/animation/subcategories/projectionmapping
        ▿ 3 key/value pairs
          ▿ (2 elements)
            - key: link
            - value: https://vimeo.com/categories/animation/stopmotion/videos
          ▿ (2 elements)
            - key: name
            - value: Stop Frame
          ▿ (2 elements)
            - key: uri
            - value: /categories/animation/subcategories/stopmotion
        ▿ 3 key/value pairs
          ▿ (2 elements)
            - key: link
            - value: https://vimeo.com/categories/animation/vfx/videos
          ▿ (2 elements)
            - key: name
            - value: VFX
          ▿ (2 elements)
            - key: uri
            - value: /categories/animation/subcategories/vfx
    ▿ (2 elements)
      - key: "topLevel"
      - value: <null>
    ▿ (2 elements)
      - key: "uri"
      - value: /categories/animation
